# Uithub-local dump – sample – 2024-01-01T00:00:00+00:00
# ≈ 1 tokens

### a.txt
hello
